20:56:13 **** Incremental Build of configuration Debug for project f429Test02 ****
make -j8 all 
arm-none-eabi-gcc "../Src/main.c" -mcpu=cortex-m4 -std=gnu11 -g3 -DUSE_HAL_DRIVER -DDEBUG -DSTM32F429xx -c -I../Inc -I../Drivers/CMSIS/Include -I../Drivers/STM32F4xx_HAL_Driver/Inc -I../Drivers/CMSIS/Device/ST/STM32F4xx/Include -I../Drivers/STM32F4xx_HAL_Driver/Inc/Legacy -O0 -ffunction-sections -fdata-sections -Wall -fstack-usage -MMD -MP -MF"Src/main.d" -MT"Src/main.o" --specs=nano.specs -mfpu=fpv4-sp-d16 -mfloat-abi=hard -mthumb -o "Src/main.o"
arm-none-eabi-gcc -o "f429Test02.elf" @"objects.list"   -mcpu=cortex-m4 -T"E:\code\STM32CubeIDE\f429Test02\STM32F429IGTX_FLASH.ld" --specs=nosys.specs -Wl,-Map="f429Test02.map" -Wl,--gc-sections -static --specs=nano.specs -mfpu=fpv4-sp-d16 -mfloat-abi=hard -mthumb -Wl,--start-group -lc -lm -Wl,--end-group
Finished building target: f429Test02.elf
 
arm-none-eabi-objdump -h -S  f429Test02.elf  > "f429Test02.list"
arm-none-eabi-size   f429Test02.elf 
   text	   data	    bss	    dec	    hex	filename
   6000	     20	   1572	   7592	   1da8	f429Test02.elf
Finished building: default.size.stdout
 
Finished building: f429Test02.list
 
20:56:19 **** Incremental Build of configuration Debug for project f429Test02 ****
make -j8 all 
arm-none-eabi-size   f429Test02.elf 
   text	   data	    bss	    dec	    hex	filename
   6000	     20	   1572	   7592	   1da8	f429Test02.elf
Finished building: default.size.stdout
 
